Город засыпает
Просыпается Русская Мафия Дыня
Просыпается Русская Мафия God
Просыпается Русская Мафия Степан
Timofey Killed

Город просыпается
Просыпается Peaceful ЛенОЧКА
Просыпается Peaceful Android
Просыпается Peaceful Дыня
Просыпается Peaceful God
Просыпается Peaceful Степан
ЛенОЧКА Killed

Мафия победила
