Город засыпает
Просыпается Русская Мафия Timofey
ЛенОЧКА Killed

Город просыпается
Просыпается Peaceful Timofey
Просыпается Peaceful Android
Просыпается Peaceful Дыня
Просыпается Peaceful God
Просыпается Peaceful Степан
Просыпается Peaceful Николай
Timofey Killed

Мирные победили
