ะะพัะพะด ะทะฐััะฟะฐะตั
ะัะพััะฟะฐะตััั ะะพะงะฝะั ะะฐะะพะงะบะ Android
ะะพัะพะด ะทะฐััะฟะฐะตั
ะัะพััะฟะฐะตััั Ded Moroz ะัะฝั
ะะพัะพะด ะทะฐััะฟะฐะตั
ะัะพััะฟะฐะตััั Ded Mazai ะกัะตะฟะฐะฝ
Timofey๐ถ๐ฐ Alive

ะะพัะพะด ะฟัะพััะฟะฐะตััั
ะัะพััะฟะฐะตััั Peaceful Timofey๐ถ๐ฐ
ะัะพััะฟะฐะตััั Peaceful ะะตะฝะะงะะ
ะัะพััะฟะฐะตััั Peaceful Android
ะัะพััะฟะฐะตััั Peaceful ะัะฝั
ะัะพััะฟะฐะตััั Peaceful ะกัะตะฟะฐะฝ
Timofey๐ถ๐ฐ Killed

ะะพัะพะด ะทะฐััะฟะฐะตั
ะัะพััะฟะฐะตััั ะะพะงะฝะั ะะฐะะพะงะบะ Android
ะะพัะพะด ะทะฐััะฟะฐะตั
ะัะพััะฟะฐะตััั Ded Moroz ะัะฝั
ะะพัะพะด ะทะฐััะฟะฐะตั
ะัะพััะฟะฐะตััั Ded Mazai ะกัะตะฟะฐะฝ
ะะตะฝะะงะะ๐ถ๐ฐ Alive

ะะพัะพะด ะฟัะพััะฟะฐะตััั
ะัะพััะฟะฐะตััั Peaceful ะะตะฝะะงะะ๐ถ๐ฐ
ะัะพััะฟะฐะตััั Peaceful Android
ะัะพััะฟะฐะตััั Peaceful ะัะฝั
ะัะพััะฟะฐะตััั Peaceful ะกัะตะฟะฐะฝ
ะะตะฝะะงะะ๐ถ๐ฐ Killed

ะัะธัะธ ะทะฐัะฒะฐัะธะปะธ ะผะธั!1!
